// Jest Snapshot v1, https://goo.gl/fbAQLP

exports[`<FooterStoreLink /> Should render 1`] = `
<div
  className="footer-store-link"
>
  Test
</div>
`;
