// Jest Snapshot v1, https://goo.gl/fbAQLP

exports[`<Title /> Should render 1`] = `
<div
  className="title"
>
  Test
</div>
`;
