// Jest Snapshot v1, https://goo.gl/fbAQLP

exports[`<Message /> Should render 1`] = `
<div
  className="message"
>
  Test
</div>
`;
