// Jest Snapshot v1, https://goo.gl/fbAQLP

exports[`<PageFooter /> Should render 1`] = `
<div
  className="page-footer"
>
  Test
</div>
`;
