// Jest Snapshot v1, https://goo.gl/fbAQLP

exports[`<FooterExternalLinks /> Should render 1`] = `
<div
  className="footer-external-links"
>
  Test
</div>
`;
