// Jest Snapshot v1, https://goo.gl/fbAQLP

exports[`<SubNavbar /> Should render 1`] = `
<div
  className="sub-navbar"
>
  Test
</div>
`;
