// Jest Snapshot v1, https://goo.gl/fbAQLP

exports[`<Navbar /> Should render 1`] = `
<div
  className="navbar"
>
  Test
</div>
`;
