// Jest Snapshot v1, https://goo.gl/fbAQLP

exports[`sagas should export root saga 1`] = `
Object {
  "@@redux-saga/IO": true,
  "combinator": true,
  "payload": Array [
    Object {
      "@@redux-saga/IO": true,
      "combinator": false,
      "payload": Object {
        "args": Array [],
        "context": null,
        "fn": [Function],
      },
      "type": "FORK",
    },
  ],
  "type": "ALL",
}
`;
