// Jest Snapshot v1, https://goo.gl/fbAQLP

exports[`<Container /> Should render 1`] = `
<div
  className="container"
>
  Test
</div>
`;
