// Jest Snapshot v1, https://goo.gl/fbAQLP

exports[`<PageContent /> Should render 1`] = `
<div
  className="page-content"
>
  Test
</div>
`;
