// Jest Snapshot v1, https://goo.gl/fbAQLP

exports[`<PageWrapper /> Should render 1`] = `
<div
  className="page-wrapper"
>
  Test
</div>
`;
