// Jest Snapshot v1, https://goo.gl/fbAQLP

exports[`<EntriesListItem /> Should render 1`] = `
<div>
  <div>
    <Connect(EntryImagesPosterArtUrl)
      entryTitle="test"
    />
  </div>
  <div>
    <Title>
      test
    </Title>
  </div>
</div>
`;
