// Jest Snapshot v1, https://goo.gl/fbAQLP

exports[`<EntriesRequest /> Should render 1`] = `null`;
