// Jest Snapshot v1, https://goo.gl/fbAQLP

exports[`<PageHeader /> Should render 1`] = `
<div
  className="page-header"
>
  Test
</div>
`;
