// Jest Snapshot v1, https://goo.gl/fbAQLP

exports[`<FooterSocialLinks /> Should render 1`] = `
<div
  className="footer-social-links"
>
  Test
</div>
`;
