// Jest Snapshot v1, https://goo.gl/fbAQLP

exports[`<FlexGrid /> Should render 1`] = `
<div
  className="flex-grid"
>
  Test
</div>
`;
