// Jest Snapshot v1, https://goo.gl/fbAQLP

exports[`<Col /> Should render 1`] = `
<div
  className="col"
>
  Test
</div>
`;
