// Jest Snapshot v1, https://goo.gl/fbAQLP

exports[`<SubNavbarHeading /> Should render 1`] = `
<h2
  className="sub-navbar-heading"
>
  Test
</h2>
`;
