// Jest Snapshot v1, https://goo.gl/fbAQLP

exports[`<NavbarColRight /> Should render 1`] = `
<div
  className="navbar-col-right"
>
  Test
</div>
`;
