// Jest Snapshot v1, https://goo.gl/fbAQLP

exports[`<Footer /> Should render 1`] = `
<div
  className="footer"
>
  Test
</div>
`;
